--------------------------------------------------------------------------------
Release 14.7 Trace  (lin64)
Copyright (c) 1995-2013 Xilinx, Inc.  All rights reserved.

/opt/Xilinx/14.7/ISE_DS/ISE/bin/lin64/unwrapped/trce -intstyle ise -v 3 -s 3 -n
3 -fastpaths -xml timer.twx timer.ncd -o timer.twr timer.pcf

Design file:              timer.ncd
Physical constraint file: timer.pcf
Device,package,speed:     xc6slx9,csg324,C,-3 (PRODUCTION 1.23 2013-10-13)
Report level:             verbose report

Environment Variable      Effect 
--------------------      ------ 
NONE                      No environment variables were set
--------------------------------------------------------------------------------

INFO:Timing:2698 - No timing constraints found, doing default enumeration.
INFO:Timing:3412 - To improve timing, see the Timing Closure User Guide (UG612).
INFO:Timing:2752 - To get complete path coverage, use the unconstrained paths 
   option. All paths that are not constrained will be reported in the 
   unconstrained paths section(s) of the report.
INFO:Timing:3339 - The clock-to-out numbers in this timing report are based on 
   a 50 Ohm transmission line loading model.  For the details of this model, 
   and for more information on accounting for different loading conditions, 
   please see the device datasheet.



Data Sheet report:
-----------------
All values displayed in nanoseconds (ns)

Setup/Hold to clock CLK
-----------------+------------+------------+------------+------------+------------------+--------+
                 |Max Setup to|  Process   |Max Hold to |  Process   |                  | Clock  |
Source           | clk (edge) |   Corner   | clk (edge) |   Corner   |Internal Clock(s) | Phase  |
-----------------+------------+------------+------------+------------+------------------+--------+
switch_cancel    |    0.627(R)|      SLOW  |    0.214(R)|      SLOW  |CLK_BUFGP         |   0.000|
switch_dn        |    1.207(R)|      SLOW  |   -0.340(R)|      SLOW  |CLK_BUFGP         |   0.000|
switch_start_stop|    0.687(R)|      SLOW  |    0.161(R)|      SLOW  |CLK_BUFGP         |   0.000|
switch_up        |    0.843(R)|      SLOW  |    0.008(R)|      SLOW  |CLK_BUFGP         |   0.000|
-----------------+------------+------------+------------+------------+------------------+--------+

Clock CLK to Pad
------------+-----------------+------------+-----------------+------------+------------------+--------+
            |Max (slowest) clk|  Process   |Min (fastest) clk|  Process   |                  | Clock  |
Destination |  (edge) to PAD  |   Corner   |  (edge) to PAD  |   Corner   |Internal Clock(s) | Phase  |
------------+-----------------+------------+-----------------+------------+------------------+--------+
BUZZER      |         7.583(R)|      SLOW  |         3.950(R)|      FAST  |CLK_BUFGP         |   0.000|
DIGIT<0>    |         7.398(R)|      SLOW  |         3.783(R)|      FAST  |CLK_BUFGP         |   0.000|
DIGIT<1>    |         7.899(R)|      SLOW  |         4.104(R)|      FAST  |CLK_BUFGP         |   0.000|
DIGIT<2>    |         7.791(R)|      SLOW  |         4.010(R)|      FAST  |CLK_BUFGP         |   0.000|
SEG<1>      |         7.249(R)|      SLOW  |         3.777(R)|      FAST  |CLK_BUFGP         |   0.000|
SEG<2>      |         7.283(R)|      SLOW  |         3.811(R)|      FAST  |CLK_BUFGP         |   0.000|
SEG<3>      |         6.724(R)|      SLOW  |         3.438(R)|      FAST  |CLK_BUFGP         |   0.000|
SEG<4>      |         7.053(R)|      SLOW  |         3.652(R)|      FAST  |CLK_BUFGP         |   0.000|
SEG<5>      |         6.674(R)|      SLOW  |         3.388(R)|      FAST  |CLK_BUFGP         |   0.000|
SEG<6>      |         6.841(R)|      SLOW  |         3.517(R)|      FAST  |CLK_BUFGP         |   0.000|
SEG<7>      |         7.199(R)|      SLOW  |         3.767(R)|      FAST  |CLK_BUFGP         |   0.000|
------------+-----------------+------------+-----------------+------------+------------------+--------+

Clock to Setup on destination clock CLK
---------------+---------+---------+---------+---------+
               | Src:Rise| Src:Fall| Src:Rise| Src:Fall|
Source Clock   |Dest:Rise|Dest:Rise|Dest:Fall|Dest:Fall|
---------------+---------+---------+---------+---------+
CLK            |    5.350|         |         |         |
---------------+---------+---------+---------+---------+


Analysis completed Sat Jan 14 18:23:09 2017 
--------------------------------------------------------------------------------

Trace Settings:
-------------------------
Trace Settings 

Peak Memory Usage: 385 MB



